Empty assistant message detected - adding placeholder
Empty assistant message detected - adding placeholder
Empty assistant message detected - adding placeholder
Empty assistant message detected - adding placeholder
Empty assistant message detected - adding placeholder
Empty assistant message detected - adding placeholder
Empty assistant message detected - adding placeholder
Empty assistant message detected - adding placeholder
Empty assistant message detected - adding placeholder
Empty assistant message detected - adding placeholder
Empty assistant message detected - adding placeholder
Empty assistant message detected - adding placeholder
Empty assistant message detected - adding placeholder
Empty assistant message detected - adding placeholder
Empty assistant message detected - adding placeholder
Empty assistant message detected - adding placeholder
Empty assistant message detected - adding placeholder
Empty assistant message detected - adding placeholder
Empty assistant message detected - adding placeholder
Empty assistant message detected - adding placeholder
Empty assistant message detected - adding placeholder
Empty assistant message detected - adding placeholder
Empty assistant message detected - adding placeholder
Empty assistant message detected - adding placeholder
Empty assistant message detected - adding placeholder
Empty assistant message detected - adding placeholder
Empty assistant message detected - adding placeholder
Empty assistant message detected - adding placeholder
Empty assistant message detected - adding placeholder
Empty assistant message detected - adding placeholder
Empty assistant message detected - adding placeholder
Empty assistant message detected - adding placeholder
Empty assistant message detected - adding placeholder
Empty assistant message detected - adding placeholder
Empty assistant message detected - adding placeholder
Empty assistant message detected - adding placeholder
Empty assistant message detected - adding placeholder
Empty assistant message detected - adding placeholder
Empty assistant message detected - adding placeholder
Empty assistant message detected - adding placeholder
Empty assistant message detected - adding placeholder
Empty assistant message detected - adding placeholder
Empty assistant message detected - adding placeholder
Empty assistant message detected - adding placeholder
Empty assistant message detected - adding placeholder
Empty assistant message detected - adding placeholder
Empty assistant message detected - adding placeholder
Empty assistant message detected - adding placeholder
Empty assistant message detected - adding placeholder
Empty assistant message detected - adding placeholder
Empty assistant message detected - adding placeholder
Empty assistant message detected - adding placeholder
Empty assistant message detected - adding placeholder
Empty assistant message detected - adding placeholder
Empty assistant message detected - adding placeholder
Empty assistant message detected - adding placeholder
Empty assistant message detected - adding placeholder
Empty assistant message detected - adding placeholder
Empty assistant message detected - adding placeholder
Failed to parse judge response as JSON: [Tool Call: bash]
{
  "command": "wafer evaluate kernelbench --target local-mi300x --implementation optimized_conv_bn.py --reference /root/Wafer/research/KernelBench/KernelBench/level2/52_Conv2d_Activ
Failed to parse judge response as JSON: [Tool Call: bash]
{
  "command": "wafer evaluate kernelbench --target local-mi300x --implementation /root/Wafer/research/evals/ian/kernels/kimi_k2_level2/sample_0008/optimized_kernel_v3.py --reference
